Archive member included to satisfy reference by file (symbol)

c:/program files (x86)/atmel/studio/7.0/toolchain/avr8/avr8-gnu-toolchain/bin/../lib/gcc/avr/5.4.0/avr5\libgcc.a(_divmodhi4.o)
                              MCAL/Timer0/TIMER0_program.o (__divmodhi4)
c:/program files (x86)/atmel/studio/7.0/toolchain/avr8/avr8-gnu-toolchain/bin/../lib/gcc/avr/5.4.0/avr5\libgcc.a(_udivmodsi4.o)
                              MCAL/Timer2/TIMER2_program.o (__udivmodsi4)
c:/program files (x86)/atmel/studio/7.0/toolchain/avr8/avr8-gnu-toolchain/bin/../lib/gcc/avr/5.4.0/avr5\libgcc.a(_exit.o)
                              C:/Program Files (x86)/Atmel/Studio/7.0/Packs/atmel/ATmega_DFP/1.7.374/gcc/dev/atmega32/avr5/crtatmega32.o (exit)
c:/program files (x86)/atmel/studio/7.0/toolchain/avr8/avr8-gnu-toolchain/bin/../lib/gcc/avr/5.4.0/avr5\libgcc.a(_copy_data.o)
                              HAL/MILESTONE_Password/Pass.o (__do_copy_data)
c:/program files (x86)/atmel/studio/7.0/toolchain/avr8/avr8-gnu-toolchain/bin/../lib/gcc/avr/5.4.0/avr5\libgcc.a(_clear_bss.o)
                              APP/main.o (__do_clear_bss)
c:/program files (x86)/atmel/studio/7.0/toolchain/avr8/avr8-gnu-toolchain/bin/../lib/gcc/avr/5.4.0/avr5\libgcc.a(_muluhisi3.o)
                              MCAL/Timer2/TIMER2_program.o (__muluhisi3)
c:/program files (x86)/atmel/studio/7.0/toolchain/avr8/avr8-gnu-toolchain/bin/../lib/gcc/avr/5.4.0/avr5\libgcc.a(_udivmodhi4.o)
                              c:/program files (x86)/atmel/studio/7.0/toolchain/avr8/avr8-gnu-toolchain/bin/../lib/gcc/avr/5.4.0/avr5\libgcc.a(_divmodhi4.o) (__udivmodhi4)
c:/program files (x86)/atmel/studio/7.0/toolchain/avr8/avr8-gnu-toolchain/bin/../lib/gcc/avr/5.4.0/avr5\libgcc.a(_umulhisi3.o)
                              c:/program files (x86)/atmel/studio/7.0/toolchain/avr8/avr8-gnu-toolchain/bin/../lib/gcc/avr/5.4.0/avr5\libgcc.a(_muluhisi3.o) (__umulhisi3)

Allocating common symbols
Common symbol       size              file

password            0x5               HAL/MILESTONE_Password/Pass.o

Discarded input sections

 .data          0x00000000        0x0 C:/Program Files (x86)/Atmel/Studio/7.0/Packs/atmel/ATmega_DFP/1.7.374/gcc/dev/atmega32/avr5/crtatmega32.o
 .bss           0x00000000        0x0 C:/Program Files (x86)/Atmel/Studio/7.0/Packs/atmel/ATmega_DFP/1.7.374/gcc/dev/atmega32/avr5/crtatmega32.o
 .text          0x00000000        0x0 APP/main.o
 .data          0x00000000        0x0 APP/main.o
 .bss           0x00000000        0x0 APP/main.o
 .text          0x00000000        0x0 HAL/In_Out/inputs_and_outputs.o
 .data          0x00000000        0x0 HAL/In_Out/inputs_and_outputs.o
 .bss           0x00000000        0x0 HAL/In_Out/inputs_and_outputs.o
 .text.INPUT_Initi_Pullup
                0x00000000       0x1e HAL/In_Out/inputs_and_outputs.o
 .text.OUTPUT_Togel
                0x00000000        0x6 HAL/In_Out/inputs_and_outputs.o
 .text.INPUT_GET
                0x00000000        0x6 HAL/In_Out/inputs_and_outputs.o
 .text.OUTPUT_GET
                0x00000000        0x6 HAL/In_Out/inputs_and_outputs.o
 .text          0x00000000        0x0 HAL/MILESTONE_Buzzer/Buzzer.o
 .data          0x00000000        0x0 HAL/MILESTONE_Buzzer/Buzzer.o
 .bss           0x00000000        0x0 HAL/MILESTONE_Buzzer/Buzzer.o
 .text          0x00000000        0x0 HAL/MILESTONE_Motor/Motor.o
 .data          0x00000000        0x0 HAL/MILESTONE_Motor/Motor.o
 .bss           0x00000000        0x0 HAL/MILESTONE_Motor/Motor.o
 .text          0x00000000        0x0 HAL/MILESTONE_Password/Pass.o
 .data          0x00000000        0x0 HAL/MILESTONE_Password/Pass.o
 .bss           0x00000000        0x0 HAL/MILESTONE_Password/Pass.o
 .data.Messages
                0x00000000       0x20 HAL/MILESTONE_Password/Pass.o
 .bss.flag      0x00000000        0x1 HAL/MILESTONE_Password/Pass.o
 .text          0x00000000        0x0 MCAL/DIO/DIO.o
 .data          0x00000000        0x0 MCAL/DIO/DIO.o
 .bss           0x00000000        0x0 MCAL/DIO/DIO.o
 .text.DIO_voidSetPortDirection
                0x00000000       0x20 MCAL/DIO/DIO.o
 .text.DIO_voidSetPortValue
                0x00000000       0x20 MCAL/DIO/DIO.o
 .text.DIO_u8GetPinValue
                0x00000000       0x5a MCAL/DIO/DIO.o
 .text.DIO_u8GetPortValue
                0x00000000       0x22 MCAL/DIO/DIO.o
 .text.DIO_voidTogelPinValue
                0x00000000       0x68 MCAL/DIO/DIO.o
 .text          0x00000000        0x0 MCAL/Interrupt/interrupt.o
 .data          0x00000000        0x0 MCAL/Interrupt/interrupt.o
 .bss           0x00000000        0x0 MCAL/Interrupt/interrupt.o
 .text.EXT_voidGI_Enable
                0x00000000        0x8 MCAL/Interrupt/interrupt.o
 .text.EXT_voidGI_Disable
                0x00000000        0x8 MCAL/Interrupt/interrupt.o
 .text.EXT_voidIntIniti
                0x00000000       0xca MCAL/Interrupt/interrupt.o
 .text.EXT_voidSetCallBack
                0x00000000       0x2a MCAL/Interrupt/interrupt.o
 .bss.EXT_CallBack
                0x00000000        0x6 MCAL/Interrupt/interrupt.o
 .debug_info    0x00000000      0x153 MCAL/Interrupt/interrupt.o
 .debug_abbrev  0x00000000       0xbb MCAL/Interrupt/interrupt.o
 .debug_loc     0x00000000       0x53 MCAL/Interrupt/interrupt.o
 .debug_aranges
                0x00000000       0x38 MCAL/Interrupt/interrupt.o
 .debug_ranges  0x00000000       0x28 MCAL/Interrupt/interrupt.o
 .debug_line    0x00000000      0x1a3 MCAL/Interrupt/interrupt.o
 .debug_str     0x00000000      0x24a MCAL/Interrupt/interrupt.o
 .comment       0x00000000       0x31 MCAL/Interrupt/interrupt.o
 .debug_frame   0x00000000       0x54 MCAL/Interrupt/interrupt.o
 .text          0x00000000        0x0 MCAL/Timer0/TIMER0_program.o
 .data          0x00000000        0x0 MCAL/Timer0/TIMER0_program.o
 .bss           0x00000000        0x0 MCAL/Timer0/TIMER0_program.o
 .text.Timer0_vEnableInt
                0x00000000       0x1e MCAL/Timer0/TIMER0_program.o
 .text.Timer0_vDisableInt
                0x00000000       0x1a MCAL/Timer0/TIMER0_program.o
 .text.Timer0_vStop
                0x00000000       0x14 MCAL/Timer0/TIMER0_program.o
 .text.Timer0_vSetTime
                0x00000000        0x2 MCAL/Timer0/TIMER0_program.o
 .text.Timer0_SetPhaseCorrect
                0x00000000       0x30 MCAL/Timer0/TIMER0_program.o
 .bss.Timer0_NumOfCM
                0x00000000        0x4 MCAL/Timer0/TIMER0_program.o
 .bss.Timer0_NumOfOV
                0x00000000        0x4 MCAL/Timer0/TIMER0_program.o
 .text          0x00000000        0x0 MCAL/Timer2/TIMER2_program.o
 .data          0x00000000        0x0 MCAL/Timer2/TIMER2_program.o
 .bss           0x00000000        0x0 MCAL/Timer2/TIMER2_program.o
 .text.Timer2_vDisableInt
                0x00000000       0x1a MCAL/Timer2/TIMER2_program.o
 .text.Timer2_vStop
                0x00000000       0x14 MCAL/Timer2/TIMER2_program.o
 .text.Timer2_SetFastPWM
                0x00000000        0xc MCAL/Timer2/TIMER2_program.o
 .text.Timer2_SetPhaseCorrect
                0x00000000        0xc MCAL/Timer2/TIMER2_program.o
 .text.Timer2_vCrystalOscillatorEnable
                0x00000000        0x8 MCAL/Timer2/TIMER2_program.o
 .bss.Timer2_NumOfOV
                0x00000000        0x4 MCAL/Timer2/TIMER2_program.o
 .text          0x00000000        0x0 MCAL/UART/UART_program.o
 .data          0x00000000        0x0 MCAL/UART/UART_program.o
 .bss           0x00000000        0x0 MCAL/UART/UART_program.o
 .text.UART_sendString
                0x00000000       0x28 MCAL/UART/UART_program.o
 .text.UART_receiveString
                0x00000000       0x42 MCAL/UART/UART_program.o
 .bss.UART_CallBack
                0x00000000        0x2 MCAL/UART/UART_program.o
 .text          0x00000000        0x0 c:/program files (x86)/atmel/studio/7.0/toolchain/avr8/avr8-gnu-toolchain/bin/../lib/gcc/avr/5.4.0/avr5\libgcc.a(_divmodhi4.o)
 .data          0x00000000        0x0 c:/program files (x86)/atmel/studio/7.0/toolchain/avr8/avr8-gnu-toolchain/bin/../lib/gcc/avr/5.4.0/avr5\libgcc.a(_divmodhi4.o)
 .bss           0x00000000        0x0 c:/program files (x86)/atmel/studio/7.0/toolchain/avr8/avr8-gnu-toolchain/bin/../lib/gcc/avr/5.4.0/avr5\libgcc.a(_divmodhi4.o)
 .text.libgcc.mul
                0x00000000        0x0 c:/program files (x86)/atmel/studio/7.0/toolchain/avr8/avr8-gnu-toolchain/bin/../lib/gcc/avr/5.4.0/avr5\libgcc.a(_divmodhi4.o)
 .text.libgcc   0x00000000        0x0 c:/program files (x86)/atmel/studio/7.0/toolchain/avr8/avr8-gnu-toolchain/bin/../lib/gcc/avr/5.4.0/avr5\libgcc.a(_divmodhi4.o)
 .text.libgcc.prologue
                0x00000000        0x0 c:/program files (x86)/atmel/studio/7.0/toolchain/avr8/avr8-gnu-toolchain/bin/../lib/gcc/avr/5.4.0/avr5\libgcc.a(_divmodhi4.o)
 .text.libgcc.builtins
                0x00000000        0x0 c:/program files (x86)/atmel/studio/7.0/toolchain/avr8/avr8-gnu-toolchain/bin/../lib/gcc/avr/5.4.0/avr5\libgcc.a(_divmodhi4.o)
 .text.libgcc.fmul
                0x00000000        0x0 c:/program files (x86)/atmel/studio/7.0/toolchain/avr8/avr8-gnu-toolchain/bin/../lib/gcc/avr/5.4.0/avr5\libgcc.a(_divmodhi4.o)
 .text.libgcc.fixed
                0x00000000        0x0 c:/program files (x86)/atmel/studio/7.0/toolchain/avr8/avr8-gnu-toolchain/bin/../lib/gcc/avr/5.4.0/avr5\libgcc.a(_divmodhi4.o)
 .text          0x00000000        0x0 c:/program files (x86)/atmel/studio/7.0/toolchain/avr8/avr8-gnu-toolchain/bin/../lib/gcc/avr/5.4.0/avr5\libgcc.a(_udivmodsi4.o)
 .data          0x00000000        0x0 c:/program files (x86)/atmel/studio/7.0/toolchain/avr8/avr8-gnu-toolchain/bin/../lib/gcc/avr/5.4.0/avr5\libgcc.a(_udivmodsi4.o)
 .bss           0x00000000        0x0 c:/program files (x86)/atmel/studio/7.0/toolchain/avr8/avr8-gnu-toolchain/bin/../lib/gcc/avr/5.4.0/avr5\libgcc.a(_udivmodsi4.o)
 .text.libgcc.mul
                0x00000000        0x0 c:/program files (x86)/atmel/studio/7.0/toolchain/avr8/avr8-gnu-toolchain/bin/../lib/gcc/avr/5.4.0/avr5\libgcc.a(_udivmodsi4.o)
 .text.libgcc   0x00000000        0x0 c:/program files (x86)/atmel/studio/7.0/toolchain/avr8/avr8-gnu-toolchain/bin/../lib/gcc/avr/5.4.0/avr5\libgcc.a(_udivmodsi4.o)
 .text.libgcc.prologue
                0x00000000        0x0 c:/program files (x86)/atmel/studio/7.0/toolchain/avr8/avr8-gnu-toolchain/bin/../lib/gcc/avr/5.4.0/avr5\libgcc.a(_udivmodsi4.o)
 .text.libgcc.builtins
                0x00000000        0x0 c:/program files (x86)/atmel/studio/7.0/toolchain/avr8/avr8-gnu-toolchain/bin/../lib/gcc/avr/5.4.0/avr5\libgcc.a(_udivmodsi4.o)
 .text.libgcc.fmul
                0x00000000        0x0 c:/program files (x86)/atmel/studio/7.0/toolchain/avr8/avr8-gnu-toolchain/bin/../lib/gcc/avr/5.4.0/avr5\libgcc.a(_udivmodsi4.o)
 .text.libgcc.fixed
                0x00000000        0x0 c:/program files (x86)/atmel/studio/7.0/toolchain/avr8/avr8-gnu-toolchain/bin/../lib/gcc/avr/5.4.0/avr5\libgcc.a(_udivmodsi4.o)
 .text          0x00000000        0x0 c:/program files (x86)/atmel/studio/7.0/toolchain/avr8/avr8-gnu-toolchain/bin/../lib/gcc/avr/5.4.0/avr5\libgcc.a(_exit.o)
 .data          0x00000000        0x0 c:/program files (x86)/atmel/studio/7.0/toolchain/avr8/avr8-gnu-toolchain/bin/../lib/gcc/avr/5.4.0/avr5\libgcc.a(_exit.o)
 .bss           0x00000000        0x0 c:/program files (x86)/atmel/studio/7.0/toolchain/avr8/avr8-gnu-toolchain/bin/../lib/gcc/avr/5.4.0/avr5\libgcc.a(_exit.o)
 .text.libgcc.mul
                0x00000000        0x0 c:/program files (x86)/atmel/studio/7.0/toolchain/avr8/avr8-gnu-toolchain/bin/../lib/gcc/avr/5.4.0/avr5\libgcc.a(_exit.o)
 .text.libgcc.div
                0x00000000        0x0 c:/program files (x86)/atmel/studio/7.0/toolchain/avr8/avr8-gnu-toolchain/bin/../lib/gcc/avr/5.4.0/avr5\libgcc.a(_exit.o)
 .text.libgcc   0x00000000        0x0 c:/program files (x86)/atmel/studio/7.0/toolchain/avr8/avr8-gnu-toolchain/bin/../lib/gcc/avr/5.4.0/avr5\libgcc.a(_exit.o)
 .text.libgcc.prologue
                0x00000000        0x0 c:/program files (x86)/atmel/studio/7.0/toolchain/avr8/avr8-gnu-toolchain/bin/../lib/gcc/avr/5.4.0/avr5\libgcc.a(_exit.o)
 .text.libgcc.builtins
                0x00000000        0x0 c:/program files (x86)/atmel/studio/7.0/toolchain/avr8/avr8-gnu-toolchain/bin/../lib/gcc/avr/5.4.0/avr5\libgcc.a(_exit.o)
 .text.libgcc.fmul
                0x00000000        0x0 c:/program files (x86)/atmel/studio/7.0/toolchain/avr8/avr8-gnu-toolchain/bin/../lib/gcc/avr/5.4.0/avr5\libgcc.a(_exit.o)
 .text.libgcc.fixed
                0x00000000        0x0 c:/program files (x86)/atmel/studio/7.0/toolchain/avr8/avr8-gnu-toolchain/bin/../lib/gcc/avr/5.4.0/avr5\libgcc.a(_exit.o)
 .text          0x00000000        0x0 c:/program files (x86)/atmel/studio/7.0/toolchain/avr8/avr8-gnu-toolchain/bin/../lib/gcc/avr/5.4.0/avr5\libgcc.a(_copy_data.o)
 .data          0x00000000        0x0 c:/program files (x86)/atmel/studio/7.0/toolchain/avr8/avr8-gnu-toolchain/bin/../lib/gcc/avr/5.4.0/avr5\libgcc.a(_copy_data.o)
 .bss           0x00000000        0x0 c:/program files (x86)/atmel/studio/7.0/toolchain/avr8/avr8-gnu-toolchain/bin/../lib/gcc/avr/5.4.0/avr5\libgcc.a(_copy_data.o)
 .text.libgcc.mul
                0x00000000        0x0 c:/program files (x86)/atmel/studio/7.0/toolchain/avr8/avr8-gnu-toolchain/bin/../lib/gcc/avr/5.4.0/avr5\libgcc.a(_copy_data.o)
 .text.libgcc.div
                0x00000000        0x0 c:/program files (x86)/atmel/studio/7.0/toolchain/avr8/avr8-gnu-toolchain/bin/../lib/gcc/avr/5.4.0/avr5\libgcc.a(_copy_data.o)
 .text.libgcc   0x00000000        0x0 c:/program files (x86)/atmel/studio/7.0/toolchain/avr8/avr8-gnu-toolchain/bin/../lib/gcc/avr/5.4.0/avr5\libgcc.a(_copy_data.o)
 .text.libgcc.prologue
                0x00000000        0x0 c:/program files (x86)/atmel/studio/7.0/toolchain/avr8/avr8-gnu-toolchain/bin/../lib/gcc/avr/5.4.0/avr5\libgcc.a(_copy_data.o)
 .text.libgcc.builtins
                0x00000000        0x0 c:/program files (x86)/atmel/studio/7.0/toolchain/avr8/avr8-gnu-toolchain/bin/../lib/gcc/avr/5.4.0/avr5\libgcc.a(_copy_data.o)
 .text.libgcc.fmul
                0x00000000        0x0 c:/program files (x86)/atmel/studio/7.0/toolchain/avr8/avr8-gnu-toolchain/bin/../lib/gcc/avr/5.4.0/avr5\libgcc.a(_copy_data.o)
 .text.libgcc.fixed
                0x00000000        0x0 c:/program files (x86)/atmel/studio/7.0/toolchain/avr8/avr8-gnu-toolchain/bin/../lib/gcc/avr/5.4.0/avr5\libgcc.a(_copy_data.o)
 .text          0x00000000        0x0 c:/program files (x86)/atmel/studio/7.0/toolchain/avr8/avr8-gnu-toolchain/bin/../lib/gcc/avr/5.4.0/avr5\libgcc.a(_clear_bss.o)
 .data          0x00000000        0x0 c:/program files (x86)/atmel/studio/7.0/toolchain/avr8/avr8-gnu-toolchain/bin/../lib/gcc/avr/5.4.0/avr5\libgcc.a(_clear_bss.o)
 .bss           0x00000000        0x0 c:/program files (x86)/atmel/studio/7.0/toolchain/avr8/avr8-gnu-toolchain/bin/../lib/gcc/avr/5.4.0/avr5\libgcc.a(_clear_bss.o)
 .text.libgcc.mul
                0x00000000        0x0 c:/program files (x86)/atmel/studio/7.0/toolchain/avr8/avr8-gnu-toolchain/bin/../lib/gcc/avr/5.4.0/avr5\libgcc.a(_clear_bss.o)
 .text.libgcc.div
                0x00000000        0x0 c:/program files (x86)/atmel/studio/7.0/toolchain/avr8/avr8-gnu-toolchain/bin/../lib/gcc/avr/5.4.0/avr5\libgcc.a(_clear_bss.o)
 .text.libgcc   0x00000000        0x0 c:/program files (x86)/atmel/studio/7.0/toolchain/avr8/avr8-gnu-toolchain/bin/../lib/gcc/avr/5.4.0/avr5\libgcc.a(_clear_bss.o)
 .text.libgcc.prologue
                0x00000000        0x0 c:/program files (x86)/atmel/studio/7.0/toolchain/avr8/avr8-gnu-toolchain/bin/../lib/gcc/avr/5.4.0/avr5\libgcc.a(_clear_bss.o)
 .text.libgcc.builtins
                0x00000000        0x0 c:/program files (x86)/atmel/studio/7.0/toolchain/avr8/avr8-gnu-toolchain/bin/../lib/gcc/avr/5.4.0/avr5\libgcc.a(_clear_bss.o)
 .text.libgcc.fmul
                0x00000000        0x0 c:/program files (x86)/atmel/studio/7.0/toolchain/avr8/avr8-gnu-toolchain/bin/../lib/gcc/avr/5.4.0/avr5\libgcc.a(_clear_bss.o)
 .text.libgcc.fixed
                0x00000000        0x0 c:/program files (x86)/atmel/studio/7.0/toolchain/avr8/avr8-gnu-toolchain/bin/../lib/gcc/avr/5.4.0/avr5\libgcc.a(_clear_bss.o)
 .text          0x00000000        0x0 c:/program files (x86)/atmel/studio/7.0/toolchain/avr8/avr8-gnu-toolchain/bin/../lib/gcc/avr/5.4.0/avr5\libgcc.a(_muluhisi3.o)
 .data          0x00000000        0x0 c:/program files (x86)/atmel/studio/7.0/toolchain/avr8/avr8-gnu-toolchain/bin/../lib/gcc/avr/5.4.0/avr5\libgcc.a(_muluhisi3.o)
 .bss           0x00000000        0x0 c:/program files (x86)/atmel/studio/7.0/toolchain/avr8/avr8-gnu-toolchain/bin/../lib/gcc/avr/5.4.0/avr5\libgcc.a(_muluhisi3.o)
 .text.libgcc.div
                0x00000000        0x0 c:/program files (x86)/atmel/studio/7.0/toolchain/avr8/avr8-gnu-toolchain/bin/../lib/gcc/avr/5.4.0/avr5\libgcc.a(_muluhisi3.o)
 .text.libgcc   0x00000000        0x0 c:/program files (x86)/atmel/studio/7.0/toolchain/avr8/avr8-gnu-toolchain/bin/../lib/gcc/avr/5.4.0/avr5\libgcc.a(_muluhisi3.o)
 .text.libgcc.prologue
                0x00000000        0x0 c:/program files (x86)/atmel/studio/7.0/toolchain/avr8/avr8-gnu-toolchain/bin/../lib/gcc/avr/5.4.0/avr5\libgcc.a(_muluhisi3.o)
 .text.libgcc.builtins
                0x00000000        0x0 c:/program files (x86)/atmel/studio/7.0/toolchain/avr8/avr8-gnu-toolchain/bin/../lib/gcc/avr/5.4.0/avr5\libgcc.a(_muluhisi3.o)
 .text.libgcc.fmul
                0x00000000        0x0 c:/program files (x86)/atmel/studio/7.0/toolchain/avr8/avr8-gnu-toolchain/bin/../lib/gcc/avr/5.4.0/avr5\libgcc.a(_muluhisi3.o)
 .text.libgcc.fixed
                0x00000000        0x0 c:/program files (x86)/atmel/studio/7.0/toolchain/avr8/avr8-gnu-toolchain/bin/../lib/gcc/avr/5.4.0/avr5\libgcc.a(_muluhisi3.o)
 .text          0x00000000        0x0 c:/program files (x86)/atmel/studio/7.0/toolchain/avr8/avr8-gnu-toolchain/bin/../lib/gcc/avr/5.4.0/avr5\libgcc.a(_udivmodhi4.o)
 .data          0x00000000        0x0 c:/program files (x86)/atmel/studio/7.0/toolchain/avr8/avr8-gnu-toolchain/bin/../lib/gcc/avr/5.4.0/avr5\libgcc.a(_udivmodhi4.o)
 .bss           0x00000000        0x0 c:/program files (x86)/atmel/studio/7.0/toolchain/avr8/avr8-gnu-toolchain/bin/../lib/gcc/avr/5.4.0/avr5\libgcc.a(_udivmodhi4.o)
 .text.libgcc.mul
                0x00000000        0x0 c:/program files (x86)/atmel/studio/7.0/toolchain/avr8/avr8-gnu-toolchain/bin/../lib/gcc/avr/5.4.0/avr5\libgcc.a(_udivmodhi4.o)
 .text.libgcc   0x00000000        0x0 c:/program files (x86)/atmel/studio/7.0/toolchain/avr8/avr8-gnu-toolchain/bin/../lib/gcc/avr/5.4.0/avr5\libgcc.a(_udivmodhi4.o)
 .text.libgcc.prologue
                0x00000000        0x0 c:/program files (x86)/atmel/studio/7.0/toolchain/avr8/avr8-gnu-toolchain/bin/../lib/gcc/avr/5.4.0/avr5\libgcc.a(_udivmodhi4.o)
 .text.libgcc.builtins
                0x00000000        0x0 c:/program files (x86)/atmel/studio/7.0/toolchain/avr8/avr8-gnu-toolchain/bin/../lib/gcc/avr/5.4.0/avr5\libgcc.a(_udivmodhi4.o)
 .text.libgcc.fmul
                0x00000000        0x0 c:/program files (x86)/atmel/studio/7.0/toolchain/avr8/avr8-gnu-toolchain/bin/../lib/gcc/avr/5.4.0/avr5\libgcc.a(_udivmodhi4.o)
 .text.libgcc.fixed
                0x00000000        0x0 c:/program files (x86)/atmel/studio/7.0/toolchain/avr8/avr8-gnu-toolchain/bin/../lib/gcc/avr/5.4.0/avr5\libgcc.a(_udivmodhi4.o)
 .text          0x00000000        0x0 c:/program files (x86)/atmel/studio/7.0/toolchain/avr8/avr8-gnu-toolchain/bin/../lib/gcc/avr/5.4.0/avr5\libgcc.a(_umulhisi3.o)
 .data          0x00000000        0x0 c:/program files (x86)/atmel/studio/7.0/toolchain/avr8/avr8-gnu-toolchain/bin/../lib/gcc/avr/5.4.0/avr5\libgcc.a(_umulhisi3.o)
 .bss           0x00000000        0x0 c:/program files (x86)/atmel/studio/7.0/toolchain/avr8/avr8-gnu-toolchain/bin/../lib/gcc/avr/5.4.0/avr5\libgcc.a(_umulhisi3.o)
 .text.libgcc.div
                0x00000000        0x0 c:/program files (x86)/atmel/studio/7.0/toolchain/avr8/avr8-gnu-toolchain/bin/../lib/gcc/avr/5.4.0/avr5\libgcc.a(_umulhisi3.o)
 .text.libgcc   0x00000000        0x0 c:/program files (x86)/atmel/studio/7.0/toolchain/avr8/avr8-gnu-toolchain/bin/../lib/gcc/avr/5.4.0/avr5\libgcc.a(_umulhisi3.o)
 .text.libgcc.prologue
                0x00000000        0x0 c:/program files (x86)/atmel/studio/7.0/toolchain/avr8/avr8-gnu-toolchain/bin/../lib/gcc/avr/5.4.0/avr5\libgcc.a(_umulhisi3.o)
 .text.libgcc.builtins
                0x00000000        0x0 c:/program files (x86)/atmel/studio/7.0/toolchain/avr8/avr8-gnu-toolchain/bin/../lib/gcc/avr/5.4.0/avr5\libgcc.a(_umulhisi3.o)
 .text.libgcc.fmul
                0x00000000        0x0 c:/program files (x86)/atmel/studio/7.0/toolchain/avr8/avr8-gnu-toolchain/bin/../lib/gcc/avr/5.4.0/avr5\libgcc.a(_umulhisi3.o)
 .text.libgcc.fixed
                0x00000000        0x0 c:/program files (x86)/atmel/studio/7.0/toolchain/avr8/avr8-gnu-toolchain/bin/../lib/gcc/avr/5.4.0/avr5\libgcc.a(_umulhisi3.o)

Memory Configuration

Name             Origin             Length             Attributes
text             0x00000000         0x00008000         xr
data             0x00800060         0x00000800         rw !x
eeprom           0x00810000         0x00000400         rw !x
fuse             0x00820000         0x00000002         rw !x
lock             0x00830000         0x00000400         rw !x
signature        0x00840000         0x00000400         rw !x
user_signatures  0x00850000         0x00000400         rw !x
*default*        0x00000000         0xffffffff

Linker script and memory map

LOAD C:/Program Files (x86)/Atmel/Studio/7.0/Packs/atmel/ATmega_DFP/1.7.374/gcc/dev/atmega32/avr5/crtatmega32.o
LOAD APP/main.o
LOAD HAL/In_Out/inputs_and_outputs.o
LOAD HAL/MILESTONE_Buzzer/Buzzer.o
LOAD HAL/MILESTONE_Motor/Motor.o
LOAD HAL/MILESTONE_Password/Pass.o
LOAD MCAL/DIO/DIO.o
LOAD MCAL/Interrupt/interrupt.o
LOAD MCAL/Timer0/TIMER0_program.o
LOAD MCAL/Timer2/TIMER2_program.o
LOAD MCAL/UART/UART_program.o
START GROUP
LOAD c:/program files (x86)/atmel/studio/7.0/toolchain/avr8/avr8-gnu-toolchain/bin/../lib/gcc/avr/5.4.0/../../../../avr/lib/avr5\libm.a
END GROUP
START GROUP
LOAD c:/program files (x86)/atmel/studio/7.0/toolchain/avr8/avr8-gnu-toolchain/bin/../lib/gcc/avr/5.4.0/avr5\libgcc.a
LOAD c:/program files (x86)/atmel/studio/7.0/toolchain/avr8/avr8-gnu-toolchain/bin/../lib/gcc/avr/5.4.0/../../../../avr/lib/avr5\libm.a
LOAD c:/program files (x86)/atmel/studio/7.0/toolchain/avr8/avr8-gnu-toolchain/bin/../lib/gcc/avr/5.4.0/../../../../avr/lib/avr5\libc.a
LOAD C:/Program Files (x86)/Atmel/Studio/7.0/Packs/atmel/ATmega_DFP/1.7.374/gcc/dev/atmega32/avr5\libatmega32.a
END GROUP
                0x00000000                __TEXT_REGION_ORIGIN__ = DEFINED (__TEXT_REGION_ORIGIN__)?__TEXT_REGION_ORIGIN__:0x0
                [0x00800060]                __DATA_REGION_ORIGIN__ = DEFINED (__DATA_REGION_ORIGIN__)?__DATA_REGION_ORIGIN__:0x800060
                [0x00008000]                __TEXT_REGION_LENGTH__ = DEFINED (__TEXT_REGION_LENGTH__)?__TEXT_REGION_LENGTH__:0x20000
                [0x00000800]                __DATA_REGION_LENGTH__ = DEFINED (__DATA_REGION_LENGTH__)?__DATA_REGION_LENGTH__:0xffa0
                [0x00000400]                __EEPROM_REGION_LENGTH__ = DEFINED (__EEPROM_REGION_LENGTH__)?__EEPROM_REGION_LENGTH__:0x10000
                [0x00000002]                __FUSE_REGION_LENGTH__ = DEFINED (__FUSE_REGION_LENGTH__)?__FUSE_REGION_LENGTH__:0x400
                0x00000400                __LOCK_REGION_LENGTH__ = DEFINED (__LOCK_REGION_LENGTH__)?__LOCK_REGION_LENGTH__:0x400
                0x00000400                __SIGNATURE_REGION_LENGTH__ = DEFINED (__SIGNATURE_REGION_LENGTH__)?__SIGNATURE_REGION_LENGTH__:0x400
                0x00000400                __USER_SIGNATURE_REGION_LENGTH__ = DEFINED (__USER_SIGNATURE_REGION_LENGTH__)?__USER_SIGNATURE_REGION_LENGTH__:0x400

.hash
 *(.hash)

.dynsym
 *(.dynsym)

.dynstr
 *(.dynstr)

.gnu.version
 *(.gnu.version)

.gnu.version_d
 *(.gnu.version_d)

.gnu.version_r
 *(.gnu.version_r)

.rel.init
 *(.rel.init)

.rela.init
 *(.rela.init)

.rel.text
 *(.rel.text)
 *(.rel.text.*)
 *(.rel.gnu.linkonce.t*)

.rela.text
 *(.rela.text)
 *(.rela.text.*)
 *(.rela.gnu.linkonce.t*)

.rel.fini
 *(.rel.fini)

.rela.fini
 *(.rela.fini)

.rel.rodata
 *(.rel.rodata)
 *(.rel.rodata.*)
 *(.rel.gnu.linkonce.r*)

.rela.rodata
 *(.rela.rodata)
 *(.rela.rodata.*)
 *(.rela.gnu.linkonce.r*)

.rel.data
 *(.rel.data)
 *(.rel.data.*)
 *(.rel.gnu.linkonce.d*)

.rela.data
 *(.rela.data)
 *(.rela.data.*)
 *(.rela.gnu.linkonce.d*)

.rel.ctors
 *(.rel.ctors)

.rela.ctors
 *(.rela.ctors)

.rel.dtors
 *(.rel.dtors)

.rela.dtors
 *(.rela.dtors)

.rel.got
 *(.rel.got)

.rela.got
 *(.rela.got)

.rel.bss
 *(.rel.bss)

.rela.bss
 *(.rela.bss)

.rel.plt
 *(.rel.plt)

.rela.plt
 *(.rela.plt)

.text           0x00000000      0x8d2
 *(.vectors)
 .vectors       0x00000000       0x54 C:/Program Files (x86)/Atmel/Studio/7.0/Packs/atmel/ATmega_DFP/1.7.374/gcc/dev/atmega32/avr5/crtatmega32.o
                0x00000000                __vector_default
                0x00000000                __vectors
 *(.vectors)
 *(.progmem.gcc*)
                0x00000054                . = ALIGN (0x2)
                0x00000054                __trampolines_start = .
 *(.trampolines)
 .trampolines   0x00000054        0x0 linker stubs
 *(.trampolines*)
                0x00000054                __trampolines_end = .
 *libprintf_flt.a:*(.progmem.data)
 *libc.a:*(.progmem.data)
 *(.progmem*)
                0x00000054                . = ALIGN (0x2)
 *(.jumptables)
 *(.jumptables*)
 *(.lowtext)
 *(.lowtext*)
                0x00000054                __ctors_start = .
 *(.ctors)
                0x00000054                __ctors_end = .
                0x00000054                __dtors_start = .
 *(.dtors)
                0x00000054                __dtors_end = .
 SORT(*)(.ctors)
 SORT(*)(.dtors)
 *(.init0)
 .init0         0x00000054        0x0 C:/Program Files (x86)/Atmel/Studio/7.0/Packs/atmel/ATmega_DFP/1.7.374/gcc/dev/atmega32/avr5/crtatmega32.o
                0x00000054                __init
 *(.init0)
 *(.init1)
 *(.init1)
 *(.init2)
 .init2         0x00000054        0xc C:/Program Files (x86)/Atmel/Studio/7.0/Packs/atmel/ATmega_DFP/1.7.374/gcc/dev/atmega32/avr5/crtatmega32.o
 *(.init2)
 *(.init3)
 *(.init3)
 *(.init4)
 .init4         0x00000060       0x16 c:/program files (x86)/atmel/studio/7.0/toolchain/avr8/avr8-gnu-toolchain/bin/../lib/gcc/avr/5.4.0/avr5\libgcc.a(_copy_data.o)
                0x00000060                __do_copy_data
 .init4         0x00000076       0x10 c:/program files (x86)/atmel/studio/7.0/toolchain/avr8/avr8-gnu-toolchain/bin/../lib/gcc/avr/5.4.0/avr5\libgcc.a(_clear_bss.o)
                0x00000076                __do_clear_bss
 *(.init4)
 *(.init5)
 *(.init5)
 *(.init6)
 *(.init6)
 *(.init7)
 *(.init7)
 *(.init8)
 *(.init8)
 *(.init9)
 .init9         0x00000086        0x8 C:/Program Files (x86)/Atmel/Studio/7.0/Packs/atmel/ATmega_DFP/1.7.374/gcc/dev/atmega32/avr5/crtatmega32.o
 *(.init9)
 *(.text)
 .text          0x0000008e        0x4 C:/Program Files (x86)/Atmel/Studio/7.0/Packs/atmel/ATmega_DFP/1.7.374/gcc/dev/atmega32/avr5/crtatmega32.o
                0x0000008e                __vector_1
                0x0000008e                __vector_12
                0x0000008e                __bad_interrupt
                0x0000008e                __vector_6
                0x0000008e                __vector_3
                0x0000008e                __vector_11
                0x0000008e                __vector_13
                0x0000008e                __vector_17
                0x0000008e                __vector_19
                0x0000008e                __vector_7
                0x0000008e                __vector_5
                0x0000008e                __vector_9
                0x0000008e                __vector_2
                0x0000008e                __vector_15
                0x0000008e                __vector_8
                0x0000008e                __vector_14
                0x0000008e                __vector_10
                0x0000008e                __vector_16
                0x0000008e                __vector_18
                0x0000008e                __vector_20
                0x00000092                . = ALIGN (0x2)
 *(.text.*)
 .text.main     0x00000092       0x4c APP/main.o
                0x00000092                main
 .text.__vector_4
                0x000000de       0xba APP/main.o
                0x000000de                __vector_4
 .text.OUTPUT_Initi
                0x00000198        0x8 HAL/In_Out/inputs_and_outputs.o
                0x00000198                OUTPUT_Initi
 .text.OUTPUT_Set
                0x000001a0        0x8 HAL/In_Out/inputs_and_outputs.o
                0x000001a0                OUTPUT_Set
 .text.OUTPUT_Reset
                0x000001a8        0x8 HAL/In_Out/inputs_and_outputs.o
                0x000001a8                OUTPUT_Reset
 .text.MILESTONE_voidBuzzerIniti
                0x000001b0        0xa HAL/MILESTONE_Buzzer/Buzzer.o
                0x000001b0                MILESTONE_voidBuzzerIniti
 .text.MILESTONE_voidBuzzer
                0x000001ba       0x3c HAL/MILESTONE_Buzzer/Buzzer.o
                0x000001ba                MILESTONE_voidBuzzer
 .text.MILESTONE_voidMotorIniti
                0x000001f6       0x30 HAL/MILESTONE_Motor/Motor.o
                0x000001f6                MILESTONE_voidMotorIniti
 .text.MILESTONE_voidOpenDoor
                0x00000226      0x14c HAL/MILESTONE_Motor/Motor.o
                0x00000226                MILESTONE_voidOpenDoor
 .text.MILESTONE_u8PasswordCheck
                0x00000372       0xa6 HAL/MILESTONE_Password/Pass.o
                0x00000372                MILESTONE_u8PasswordCheck
 .text.MILESTONE_voidPasswordSetup
                0x00000418       0x80 HAL/MILESTONE_Password/Pass.o
                0x00000418                MILESTONE_voidPasswordSetup
 .text.MILESTONE_voidChangPassword
                0x00000498       0x10 HAL/MILESTONE_Password/Pass.o
                0x00000498                MILESTONE_voidChangPassword
 .text.DIO_voidSetPinDirection
                0x000004a8       0xdc MCAL/DIO/DIO.o
                0x000004a8                DIO_voidSetPinDirection
 .text.DIO_voidSetPinValue
                0x00000584       0xdc MCAL/DIO/DIO.o
                0x00000584                DIO_voidSetPinValue
 .text.Timer0_vInit
                0x00000660        0xe MCAL/Timer0/TIMER0_program.o
                0x00000660                Timer0_vInit
 .text.Timer0_vStart
                0x0000066e       0x26 MCAL/Timer0/TIMER0_program.o
                0x0000066e                Timer0_vStart
 .text.Timer0_SetFastPWM
                0x00000694       0x3e MCAL/Timer0/TIMER0_program.o
                0x00000694                Timer0_SetFastPWM
 .text.Timer2_vInit
                0x000006d2        0xe MCAL/Timer2/TIMER2_program.o
                0x000006d2                Timer2_vInit
 .text.Timer2_vEnableInt
                0x000006e0       0x1e MCAL/Timer2/TIMER2_program.o
                0x000006e0                Timer2_vEnableInt
 .text.Timer2_vStart
                0x000006fe       0x26 MCAL/Timer2/TIMER2_program.o
                0x000006fe                Timer2_vStart
 .text.Timer2_vSetTime
                0x00000724       0x94 MCAL/Timer2/TIMER2_program.o
                0x00000724                Timer2_vSetTime
 .text.UART_init
                0x000007b8       0x2c MCAL/UART/UART_program.o
                0x000007b8                UART_init
 .text.UART_sendByte
                0x000007e4       0x1a MCAL/UART/UART_program.o
                0x000007e4                UART_sendByte
 .text.UART_receiveByte
                0x000007fe        0x8 MCAL/UART/UART_program.o
                0x000007fe                UART_receiveByte
 .text.libgcc.div
                0x00000806       0x28 c:/program files (x86)/atmel/studio/7.0/toolchain/avr8/avr8-gnu-toolchain/bin/../lib/gcc/avr/5.4.0/avr5\libgcc.a(_divmodhi4.o)
                0x00000806                _div
                0x00000806                __divmodhi4
 .text.libgcc.div
                0x0000082e       0x44 c:/program files (x86)/atmel/studio/7.0/toolchain/avr8/avr8-gnu-toolchain/bin/../lib/gcc/avr/5.4.0/avr5\libgcc.a(_udivmodsi4.o)
                0x0000082e                __udivmodsi4
 .text.libgcc.mul
                0x00000872       0x16 c:/program files (x86)/atmel/studio/7.0/toolchain/avr8/avr8-gnu-toolchain/bin/../lib/gcc/avr/5.4.0/avr5\libgcc.a(_muluhisi3.o)
                0x00000872                __muluhisi3
 .text.libgcc.div
                0x00000888       0x28 c:/program files (x86)/atmel/studio/7.0/toolchain/avr8/avr8-gnu-toolchain/bin/../lib/gcc/avr/5.4.0/avr5\libgcc.a(_udivmodhi4.o)
                0x00000888                __udivmodhi4
 .text.libgcc.mul
                0x000008b0       0x1e c:/program files (x86)/atmel/studio/7.0/toolchain/avr8/avr8-gnu-toolchain/bin/../lib/gcc/avr/5.4.0/avr5\libgcc.a(_umulhisi3.o)
                0x000008b0                __umulhisi3
                0x000008ce                . = ALIGN (0x2)
 *(.fini9)
 .fini9         0x000008ce        0x0 c:/program files (x86)/atmel/studio/7.0/toolchain/avr8/avr8-gnu-toolchain/bin/../lib/gcc/avr/5.4.0/avr5\libgcc.a(_exit.o)
                0x000008ce                _exit
                0x000008ce                exit
 *(.fini9)
 *(.fini8)
 *(.fini8)
 *(.fini7)
 *(.fini7)
 *(.fini6)
 *(.fini6)
 *(.fini5)
 *(.fini5)
 *(.fini4)
 *(.fini4)
 *(.fini3)
 *(.fini3)
 *(.fini2)
 *(.fini2)
 *(.fini1)
 *(.fini1)
 *(.fini0)
 .fini0         0x000008ce        0x4 c:/program files (x86)/atmel/studio/7.0/toolchain/avr8/avr8-gnu-toolchain/bin/../lib/gcc/avr/5.4.0/avr5\libgcc.a(_exit.o)
 *(.fini0)
                0x000008d2                _etext = .

.data           0x00800060        0x0 load address 0x000008d2
                0x00800060                PROVIDE (__data_start, .)
 *(.data)
 *(.data*)
 *(.gnu.linkonce.d*)
 *(.rodata)
 *(.rodata*)
 *(.gnu.linkonce.r*)
                0x00800060                . = ALIGN (0x2)
                0x00800060                _edata = .
                0x00800060                PROVIDE (__data_end, .)

.bss            0x00800060       0x12
                0x00800060                PROVIDE (__bss_start, .)
 *(.bss)
 *(.bss*)
 .bss.count     0x00800060        0x4 APP/main.o
                0x00800060                count
 .bss.count_buzzer
                0x00800064        0x1 HAL/MILESTONE_Buzzer/Buzzer.o
                0x00800064                count_buzzer
 .bss.count_motor
                0x00800065        0x4 HAL/MILESTONE_Motor/Motor.o
                0x00800065                count_motor
 .bss.Timer2_NumOfCM
                0x00800069        0x4 MCAL/Timer2/TIMER2_program.o
                0x00800069                Timer2_NumOfCM
 *(COMMON)
 COMMON         0x0080006d        0x5 HAL/MILESTONE_Password/Pass.o
                0x0080006d                password
                0x00800072                PROVIDE (__bss_end, .)
                0x000008d2                __data_load_start = LOADADDR (.data)
                0x000008d2                __data_load_end = (__data_load_start + SIZEOF (.data))

.noinit         0x00800072        0x0
                [!provide]                PROVIDE (__noinit_start, .)
 *(.noinit*)
                [!provide]                PROVIDE (__noinit_end, .)
                0x00800072                _end = .
                [!provide]                PROVIDE (__heap_start, .)

.eeprom         0x00810000        0x0
 *(.eeprom*)
                0x00810000                __eeprom_end = .

.fuse
 *(.fuse)
 *(.lfuse)
 *(.hfuse)
 *(.efuse)

.lock
 *(.lock*)

.signature
 *(.signature*)

.user_signatures
 *(.user_signatures*)

.stab
 *(.stab)

.stabstr
 *(.stabstr)

.stab.excl
 *(.stab.excl)

.stab.exclstr
 *(.stab.exclstr)

.stab.index
 *(.stab.index)

.stab.indexstr
 *(.stab.indexstr)

.comment        0x00000000       0x30
 *(.comment)
 .comment       0x00000000       0x30 APP/main.o
                                 0x31 (size before relaxing)
 .comment       0x00000030       0x31 HAL/In_Out/inputs_and_outputs.o
 .comment       0x00000030       0x31 HAL/MILESTONE_Buzzer/Buzzer.o
 .comment       0x00000030       0x31 HAL/MILESTONE_Motor/Motor.o
 .comment       0x00000030       0x31 HAL/MILESTONE_Password/Pass.o
 .comment       0x00000030       0x31 MCAL/DIO/DIO.o
 .comment       0x00000030       0x31 MCAL/Timer0/TIMER0_program.o
 .comment       0x00000030       0x31 MCAL/Timer2/TIMER2_program.o
 .comment       0x00000030       0x31 MCAL/UART/UART_program.o

.note.gnu.avr.deviceinfo
                0x00000000       0x3c
 .note.gnu.avr.deviceinfo
                0x00000000       0x3c C:/Program Files (x86)/Atmel/Studio/7.0/Packs/atmel/ATmega_DFP/1.7.374/gcc/dev/atmega32/avr5/crtatmega32.o

.note.gnu.build-id
 *(.note.gnu.build-id)

.debug
 *(.debug)

.line
 *(.line)

.debug_srcinfo
 *(.debug_srcinfo)

.debug_sfnames
 *(.debug_sfnames)

.debug_aranges  0x00000000      0x240
 *(.debug_aranges)
 .debug_aranges
                0x00000000       0x28 APP/main.o
 .debug_aranges
                0x00000028       0x50 HAL/In_Out/inputs_and_outputs.o
 .debug_aranges
                0x00000078       0x28 HAL/MILESTONE_Buzzer/Buzzer.o
 .debug_aranges
                0x000000a0       0x28 HAL/MILESTONE_Motor/Motor.o
 .debug_aranges
                0x000000c8       0x30 HAL/MILESTONE_Password/Pass.o
 .debug_aranges
                0x000000f8       0x50 MCAL/DIO/DIO.o
 .debug_aranges
                0x00000148       0x58 MCAL/Timer0/TIMER0_program.o
 .debug_aranges
                0x000001a0       0x60 MCAL/Timer2/TIMER2_program.o
 .debug_aranges
                0x00000200       0x40 MCAL/UART/UART_program.o

.debug_pubnames
 *(.debug_pubnames)

.debug_info     0x00000000     0x1c0e
 *(.debug_info .gnu.linkonce.wi.*)
 .debug_info    0x00000000      0x4e6 C:/Program Files (x86)/Atmel/Studio/7.0/Packs/atmel/ATmega_DFP/1.7.374/gcc/dev/atmega32/avr5/crtatmega32.o
 .debug_info    0x000004e6      0x245 APP/main.o
 .debug_info    0x0000072b      0x31e HAL/In_Out/inputs_and_outputs.o
 .debug_info    0x00000a49      0x1a0 HAL/MILESTONE_Buzzer/Buzzer.o
 .debug_info    0x00000be9      0x3d7 HAL/MILESTONE_Motor/Motor.o
 .debug_info    0x00000fc0      0x2c3 HAL/MILESTONE_Password/Pass.o
 .debug_info    0x00001283      0x208 MCAL/DIO/DIO.o
 .debug_info    0x0000148b      0x291 MCAL/Timer0/TIMER0_program.o
 .debug_info    0x0000171c      0x260 MCAL/Timer2/TIMER2_program.o
 .debug_info    0x0000197c      0x292 MCAL/UART/UART_program.o

.debug_abbrev   0x00000000      0xd83
 *(.debug_abbrev)
 .debug_abbrev  0x00000000      0x4a3 C:/Program Files (x86)/Atmel/Studio/7.0/Packs/atmel/ATmega_DFP/1.7.374/gcc/dev/atmega32/avr5/crtatmega32.o
 .debug_abbrev  0x000004a3       0xde APP/main.o
 .debug_abbrev  0x00000581       0xc3 HAL/In_Out/inputs_and_outputs.o
 .debug_abbrev  0x00000644       0xcd HAL/MILESTONE_Buzzer/Buzzer.o
 .debug_abbrev  0x00000711       0xc2 HAL/MILESTONE_Motor/Motor.o
 .debug_abbrev  0x000007d3      0x156 HAL/MILESTONE_Password/Pass.o
 .debug_abbrev  0x00000929       0x9a MCAL/DIO/DIO.o
 .debug_abbrev  0x000009c3      0x118 MCAL/Timer0/TIMER0_program.o
 .debug_abbrev  0x00000adb      0x112 MCAL/Timer2/TIMER2_program.o
 .debug_abbrev  0x00000bed      0x196 MCAL/UART/UART_program.o

.debug_line     0x00000000     0x1162
 *(.debug_line .debug_line.* .debug_line_end)
 .debug_line    0x00000000      0x116 C:/Program Files (x86)/Atmel/Studio/7.0/Packs/atmel/ATmega_DFP/1.7.374/gcc/dev/atmega32/avr5/crtatmega32.o
 .debug_line    0x00000116      0x1c0 APP/main.o
 .debug_line    0x000002d6      0x13f HAL/In_Out/inputs_and_outputs.o
 .debug_line    0x00000415       0xf9 HAL/MILESTONE_Buzzer/Buzzer.o
 .debug_line    0x0000050e      0x282 HAL/MILESTONE_Motor/Motor.o
 .debug_line    0x00000790      0x1ee HAL/MILESTONE_Password/Pass.o
 .debug_line    0x0000097e      0x1ee MCAL/DIO/DIO.o
 .debug_line    0x00000b6c      0x1d5 MCAL/Timer0/TIMER0_program.o
 .debug_line    0x00000d41      0x1e4 MCAL/Timer2/TIMER2_program.o
 .debug_line    0x00000f25      0x23d MCAL/UART/UART_program.o

.debug_frame    0x00000000      0x460
 *(.debug_frame)
 .debug_frame   0x00000000       0x68 APP/main.o
 .debug_frame   0x00000068       0x90 HAL/In_Out/inputs_and_outputs.o
 .debug_frame   0x000000f8       0x34 HAL/MILESTONE_Buzzer/Buzzer.o
 .debug_frame   0x0000012c       0x34 HAL/MILESTONE_Motor/Motor.o
 .debug_frame   0x00000160       0x80 HAL/MILESTONE_Password/Pass.o
 .debug_frame   0x000001e0       0x84 MCAL/DIO/DIO.o
 .debug_frame   0x00000264       0xa4 MCAL/Timer0/TIMER0_program.o
 .debug_frame   0x00000308       0xcc MCAL/Timer2/TIMER2_program.o
 .debug_frame   0x000003d4       0x8c MCAL/UART/UART_program.o

.debug_str      0x00000000      0x9c6
 *(.debug_str)
 .debug_str     0x00000000      0x196 C:/Program Files (x86)/Atmel/Studio/7.0/Packs/atmel/ATmega_DFP/1.7.374/gcc/dev/atmega32/avr5/crtatmega32.o
 .debug_str     0x00000196      0x29e APP/main.o
                                0x2d2 (size before relaxing)
 .debug_str     0x00000434      0x14a HAL/In_Out/inputs_and_outputs.o
                                0x279 (size before relaxing)
 .debug_str     0x0000057e       0xbb HAL/MILESTONE_Buzzer/Buzzer.o
                                0x236 (size before relaxing)
 .debug_str     0x00000639       0x78 HAL/MILESTONE_Motor/Motor.o
                                0x28d (size before relaxing)
 .debug_str     0x000006b1       0x69 HAL/MILESTONE_Password/Pass.o
                                0x2a0 (size before relaxing)
 .debug_str     0x0000071a       0x82 MCAL/DIO/DIO.o
                                0x27e (size before relaxing)
 .debug_str     0x0000079c       0xd6 MCAL/Timer0/TIMER0_program.o
                                0x2d6 (size before relaxing)
 .debug_str     0x00000872       0xa9 MCAL/Timer2/TIMER2_program.o
                                0x2f3 (size before relaxing)
 .debug_str     0x0000091b       0xab MCAL/UART/UART_program.o
                                0x272 (size before relaxing)

.debug_loc      0x00000000      0xc66
 *(.debug_loc)
 .debug_loc     0x00000000       0xb5 APP/main.o
 .debug_loc     0x000000b5      0x213 HAL/In_Out/inputs_and_outputs.o
 .debug_loc     0x000002c8      0x1fc HAL/MILESTONE_Password/Pass.o
 .debug_loc     0x000004c4      0x316 MCAL/DIO/DIO.o
 .debug_loc     0x000007da      0x10d MCAL/Timer0/TIMER0_program.o
 .debug_loc     0x000008e7      0x1d2 MCAL/Timer2/TIMER2_program.o
 .debug_loc     0x00000ab9      0x1ad MCAL/UART/UART_program.o

.debug_macinfo
 *(.debug_macinfo)

.debug_weaknames
 *(.debug_weaknames)

.debug_funcnames
 *(.debug_funcnames)

.debug_typenames
 *(.debug_typenames)

.debug_varnames
 *(.debug_varnames)

.debug_pubtypes
 *(.debug_pubtypes)

.debug_ranges   0x00000000      0x230
 *(.debug_ranges)
 .debug_ranges  0x00000000       0x18 APP/main.o
 .debug_ranges  0x00000018       0x40 HAL/In_Out/inputs_and_outputs.o
 .debug_ranges  0x00000058       0x18 HAL/MILESTONE_Buzzer/Buzzer.o
 .debug_ranges  0x00000070       0x18 HAL/MILESTONE_Motor/Motor.o
 .debug_ranges  0x00000088       0xa0 HAL/MILESTONE_Password/Pass.o
 .debug_ranges  0x00000128       0x40 MCAL/DIO/DIO.o
 .debug_ranges  0x00000168       0x48 MCAL/Timer0/TIMER0_program.o
 .debug_ranges  0x000001b0       0x50 MCAL/Timer2/TIMER2_program.o
 .debug_ranges  0x00000200       0x30 MCAL/UART/UART_program.o

.debug_macro
 *(.debug_macro)
OUTPUT(DIO.elf elf32-avr)
LOAD linker stubs
